CRITICAL - 2025-09-02 03:31:40 --> ErrorException: include(layout/footer): Failed to open stream: No such file or directory
[Method: GET, Route: /]
in APPPATH\Views\selamat.php on line 22.
 1 APPPATH\Views\selamat.php(22): CodeIgniter\Debug\Exceptions->errorHandler(2, 'include(layout/footer): Failed to open stream: No such file or directory', 'D:\\Adhit\\ngulikk\\pweb2\\Pertemuan3\\CI\\app\\Views\\selamat.php', 22)
 2 APPPATH\Views\selamat.php(22): include()
 3 SYSTEMPATH\View\View.php(226): include('D:\\Adhit\\ngulikk\\pweb2\\Pertemuan3\\CI\\app\\Views\\selamat.php')
 4 SYSTEMPATH\View\View.php(229): CodeIgniter\View\View->CodeIgniter\View\{closure}()
 5 SYSTEMPATH\Common.php(1167): CodeIgniter\View\View->render('selamat', [], true)
 6 APPPATH\Controllers\Pages.php(9): view('selamat')
 7 SYSTEMPATH\CodeIgniter.php(933): App\Controllers\Pages->index()
 8 SYSTEMPATH\CodeIgniter.php(507): CodeIgniter\CodeIgniter->runController(Object(App\Controllers\Pages))
 9 SYSTEMPATH\CodeIgniter.php(354): CodeIgniter\CodeIgniter->handleRequest(null, Object(Config\Cache), false)
10 SYSTEMPATH\Boot.php(363): CodeIgniter\CodeIgniter->run()
11 SYSTEMPATH\Boot.php(68): CodeIgniter\Boot::runCodeIgniter(Object(CodeIgniter\CodeIgniter))
12 FCPATH\index.php(59): CodeIgniter\Boot::bootWeb(Object(Config\Paths))
13 SYSTEMPATH\rewrite.php(44): require_once('D:\\Adhit\\ngulikk\\pweb2\\Pertemuan3\\CI\\public\\index.php')
CRITICAL - 2025-09-02 03:31:58 --> ErrorException: include(layout/header): Failed to open stream: No such file or directory
[Method: GET, Route: /]
in APPPATH\Views\selamat.php on line 16.
 1 APPPATH\Views\selamat.php(16): CodeIgniter\Debug\Exceptions->errorHandler(2, 'include(layout/header): Failed to open stream: No such file or directory', 'D:\\Adhit\\ngulikk\\pweb2\\Pertemuan3\\CI\\app\\Views\\selamat.php', 16)
 2 APPPATH\Views\selamat.php(16): include()
 3 SYSTEMPATH\View\View.php(226): include('D:\\Adhit\\ngulikk\\pweb2\\Pertemuan3\\CI\\app\\Views\\selamat.php')
 4 SYSTEMPATH\View\View.php(229): CodeIgniter\View\View->CodeIgniter\View\{closure}()
 5 SYSTEMPATH\Common.php(1167): CodeIgniter\View\View->render('selamat', [], true)
 6 APPPATH\Controllers\Pages.php(9): view('selamat')
 7 SYSTEMPATH\CodeIgniter.php(933): App\Controllers\Pages->index()
 8 SYSTEMPATH\CodeIgniter.php(507): CodeIgniter\CodeIgniter->runController(Object(App\Controllers\Pages))
 9 SYSTEMPATH\CodeIgniter.php(354): CodeIgniter\CodeIgniter->handleRequest(null, Object(Config\Cache), false)
10 SYSTEMPATH\Boot.php(363): CodeIgniter\CodeIgniter->run()
11 SYSTEMPATH\Boot.php(68): CodeIgniter\Boot::runCodeIgniter(Object(CodeIgniter\CodeIgniter))
12 FCPATH\index.php(59): CodeIgniter\Boot::bootWeb(Object(Config\Paths))
13 SYSTEMPATH\rewrite.php(44): require_once('D:\\Adhit\\ngulikk\\pweb2\\Pertemuan3\\CI\\public\\index.php')
CRITICAL - 2025-09-02 03:31:59 --> ErrorException: include(layout/header): Failed to open stream: No such file or directory
[Method: GET, Route: /]
in APPPATH\Views\selamat.php on line 16.
 1 APPPATH\Views\selamat.php(16): CodeIgniter\Debug\Exceptions->errorHandler(2, 'include(layout/header): Failed to open stream: No such file or directory', 'D:\\Adhit\\ngulikk\\pweb2\\Pertemuan3\\CI\\app\\Views\\selamat.php', 16)
 2 APPPATH\Views\selamat.php(16): include()
 3 SYSTEMPATH\View\View.php(226): include('D:\\Adhit\\ngulikk\\pweb2\\Pertemuan3\\CI\\app\\Views\\selamat.php')
 4 SYSTEMPATH\View\View.php(229): CodeIgniter\View\View->CodeIgniter\View\{closure}()
 5 SYSTEMPATH\Common.php(1167): CodeIgniter\View\View->render('selamat', [], true)
 6 APPPATH\Controllers\Pages.php(9): view('selamat')
 7 SYSTEMPATH\CodeIgniter.php(933): App\Controllers\Pages->index()
 8 SYSTEMPATH\CodeIgniter.php(507): CodeIgniter\CodeIgniter->runController(Object(App\Controllers\Pages))
 9 SYSTEMPATH\CodeIgniter.php(354): CodeIgniter\CodeIgniter->handleRequest(null, Object(Config\Cache), false)
10 SYSTEMPATH\Boot.php(363): CodeIgniter\CodeIgniter->run()
11 SYSTEMPATH\Boot.php(68): CodeIgniter\Boot::runCodeIgniter(Object(CodeIgniter\CodeIgniter))
12 FCPATH\index.php(59): CodeIgniter\Boot::bootWeb(Object(Config\Paths))
13 SYSTEMPATH\rewrite.php(44): require_once('D:\\Adhit\\ngulikk\\pweb2\\Pertemuan3\\CI\\public\\index.php')
CRITICAL - 2025-09-02 03:33:03 --> ErrorException: include(layout/header): Failed to open stream: No such file or directory
[Method: GET, Route: /]
in APPPATH\Views\selamat.php on line 16.
 1 APPPATH\Views\selamat.php(16): CodeIgniter\Debug\Exceptions->errorHandler(2, 'include(layout/header): Failed to open stream: No such file or directory', 'D:\\Adhit\\ngulikk\\pweb2\\Pertemuan3\\CI\\app\\Views\\selamat.php', 16)
 2 APPPATH\Views\selamat.php(16): include()
 3 SYSTEMPATH\View\View.php(226): include('D:\\Adhit\\ngulikk\\pweb2\\Pertemuan3\\CI\\app\\Views\\selamat.php')
 4 SYSTEMPATH\View\View.php(229): CodeIgniter\View\View->CodeIgniter\View\{closure}()
 5 SYSTEMPATH\Common.php(1167): CodeIgniter\View\View->render('selamat', [], true)
 6 APPPATH\Controllers\Pages.php(9): view('selamat')
 7 SYSTEMPATH\CodeIgniter.php(933): App\Controllers\Pages->index()
 8 SYSTEMPATH\CodeIgniter.php(507): CodeIgniter\CodeIgniter->runController(Object(App\Controllers\Pages))
 9 SYSTEMPATH\CodeIgniter.php(354): CodeIgniter\CodeIgniter->handleRequest(null, Object(Config\Cache), false)
10 SYSTEMPATH\Boot.php(363): CodeIgniter\CodeIgniter->run()
11 SYSTEMPATH\Boot.php(68): CodeIgniter\Boot::runCodeIgniter(Object(CodeIgniter\CodeIgniter))
12 FCPATH\index.php(59): CodeIgniter\Boot::bootWeb(Object(Config\Paths))
13 SYSTEMPATH\rewrite.php(44): require_once('D:\\Adhit\\ngulikk\\pweb2\\Pertemuan3\\CI\\public\\index.php')
